Find the item type that corresponds to the badges of each three-Elf group. What is the sum of the priorities of those item types?

Answer:2415
